App.tsx(282,79): error TS2769: No overload matches this call.
  The last overload gave the following error.
    Object literal may only specify known properties, and 'className' does not exist in type 'Partial<unknown> & Attributes'.
App.tsx(525,177): error TS2769: No overload matches this call.
  The last overload gave the following error.
    Object literal may only specify known properties, and '"aria-hidden"' does not exist in type 'Partial<unknown> & Attributes'.
